--------------------------------------------------------------------------------
Release 14.7 Trace  (lin64)
Copyright (c) 1995-2013 Xilinx, Inc.  All rights reserved.

/opt/Xilinx/14.7/ISE_DS/ISE/bin/lin64/unwrapped/trce -intstyle ise -v 3 -s 3 -n
3 -fastpaths -xml AlarmClock.twx AlarmClock.ncd -o AlarmClock.twr
AlarmClock.pcf -ucf timer.ucf

Design file:              AlarmClock.ncd
Physical constraint file: AlarmClock.pcf
Device,package,speed:     xc7a100t,csg324,C,-3 (PRODUCTION 1.10 2013-10-13)
Report level:             verbose report

Environment Variable      Effect 
--------------------      ------ 
NONE                      No environment variables were set
--------------------------------------------------------------------------------

INFO:Timing:2698 - No timing constraints found, doing default enumeration.
INFO:Timing:3412 - To improve timing, see the Timing Closure User Guide (UG612).
INFO:Timing:2752 - To get complete path coverage, use the unconstrained paths 
   option. All paths that are not constrained will be reported in the 
   unconstrained paths section(s) of the report.
INFO:Timing:3339 - The clock-to-out numbers in this timing report are based on 
   a 50 Ohm transmission line loading model.  For the details of this model, 
   and for more information on accounting for different loading conditions, 
   please see the device datasheet.



Data Sheet report:
-----------------
All values displayed in nanoseconds (ns)

Setup/Hold to clock clk
-------------+------------+------------+------------+------------+------------------+--------+
             |Max Setup to|  Process   |Max Hold to |  Process   |                  | Clock  |
Source       | clk (edge) |   Corner   | clk (edge) |   Corner   |Internal Clock(s) | Phase  |
-------------+------------+------------+------------+------------+------------------+--------+
CE           |    0.855(R)|      FAST  |    2.041(R)|      SLOW  |clk_BUFGP         |   0.000|
S            |    0.364(R)|      FAST  |    1.861(R)|      SLOW  |clk_BUFGP         |   0.000|
load         |    0.017(R)|      FAST  |    2.535(R)|      SLOW  |clk_BUFGP         |   0.000|
load_data<0> |    0.434(R)|      FAST  |    1.826(R)|      SLOW  |clk_BUFGP         |   0.000|
load_data<1> |    0.405(R)|      FAST  |    2.249(R)|      SLOW  |clk_BUFGP         |   0.000|
load_data<2> |    0.391(R)|      FAST  |    2.499(R)|      SLOW  |clk_BUFGP         |   0.000|
load_data<3> |    0.471(R)|      FAST  |    2.348(R)|      SLOW  |clk_BUFGP         |   0.000|
load_data<4> |    0.201(R)|      FAST  |    1.868(R)|      SLOW  |clk_BUFGP         |   0.000|
load_data<5> |    0.638(R)|      FAST  |    1.349(R)|      SLOW  |clk_BUFGP         |   0.000|
load_data<6> |    1.150(R)|      FAST  |    1.087(R)|      SLOW  |clk_BUFGP         |   0.000|
load_data<7> |    1.169(R)|      FAST  |    1.138(R)|      SLOW  |clk_BUFGP         |   0.000|
load_data<8> |    0.304(R)|      FAST  |    1.399(R)|      SLOW  |clk_BUFGP         |   0.000|
load_data<9> |    0.628(R)|      FAST  |    1.049(R)|      SLOW  |clk_BUFGP         |   0.000|
load_data<10>|    1.665(R)|      SLOW  |    0.251(R)|      SLOW  |clk_BUFGP         |   0.000|
load_data<11>|    1.355(R)|      FAST  |    1.889(R)|      SLOW  |clk_BUFGP         |   0.000|
load_data<12>|    0.061(R)|      FAST  |    1.914(R)|      SLOW  |clk_BUFGP         |   0.000|
load_data<13>|    1.329(R)|      FAST  |    1.903(R)|      SLOW  |clk_BUFGP         |   0.000|
reset        |    0.631(R)|      FAST  |    1.831(R)|      SLOW  |clk_BUFGP         |   0.000|
setTimer     |    0.577(R)|      FAST  |    2.468(R)|      SLOW  |clk_BUFGP         |   0.000|
snooze       |    0.529(R)|      FAST  |    1.527(R)|      SLOW  |clk_BUFGP         |   0.000|
-------------+------------+------------+------------+------------+------------------+--------+

Clock clk to Pad
------------+-----------------+------------+-----------------+------------+------------------+--------+
            |Max (slowest) clk|  Process   |Min (fastest) clk|  Process   |                  | Clock  |
Destination |  (edge) to PAD  |   Corner   |  (edge) to PAD  |   Corner   |Internal Clock(s) | Phase  |
------------+-----------------+------------+-----------------+------------+------------------+--------+
AlarmLED    |         8.292(R)|      SLOW  |         3.473(R)|      FAST  |clk_BUFGP         |   0.000|
seg<0>      |        10.977(R)|      SLOW  |         4.089(R)|      FAST  |clk_BUFGP         |   0.000|
seg<1>      |        11.003(R)|      SLOW  |         4.156(R)|      FAST  |clk_BUFGP         |   0.000|
seg<2>      |        10.660(R)|      SLOW  |         3.868(R)|      FAST  |clk_BUFGP         |   0.000|
seg<3>      |        11.152(R)|      SLOW  |         4.148(R)|      FAST  |clk_BUFGP         |   0.000|
seg<4>      |        10.555(R)|      SLOW  |         3.731(R)|      FAST  |clk_BUFGP         |   0.000|
seg<5>      |        10.619(R)|      SLOW  |         3.922(R)|      FAST  |clk_BUFGP         |   0.000|
seg<6>      |        10.609(R)|      SLOW  |         3.778(R)|      FAST  |clk_BUFGP         |   0.000|
------------+-----------------+------------+-----------------+------------+------------------+--------+

Clock to Setup on destination clock clk
---------------+---------+---------+---------+---------+
               | Src:Rise| Src:Fall| Src:Rise| Src:Fall|
Source Clock   |Dest:Rise|Dest:Rise|Dest:Fall|Dest:Fall|
---------------+---------+---------+---------+---------+
clk            |    3.054|         |         |         |
---------------+---------+---------+---------+---------+


Analysis completed Wed May  7 09:16:21 2025 
--------------------------------------------------------------------------------

Trace Settings:
-------------------------
Trace Settings 

Peak Memory Usage: 766 MB



