#-----------------------------------------------------------
# PlanAhead v14.7 (64-bit)
# Build 321239 by xbuild on Fri Sep 27 19:24:36 MDT 2013
# Start of session at: Sun May  4 06:02:28 2025
# Process ID: 3095
# Log file: /home/ise/Xilinx_project_VM/COE203-project1/planAhead_run_2/planAhead.log
# Journal file: /home/ise/Xilinx_project_VM/COE203-project1/planAhead_run_2/planAhead.jou
#-----------------------------------------------------------
INFO: [Common 17-78] Attempting to get a license: PlanAhead
INFO: [Common 17-290] Got license for PlanAhead
INFO: [Common 17-86] Your PlanAhead license expires in -2926 day(s)
INFO: [Device 21-36] Loading parts and site information from /opt/Xilinx/14.7/ISE_DS/PlanAhead/data/parts/arch.xml
Parsing RTL primitives file [/opt/Xilinx/14.7/ISE_DS/PlanAhead/data/parts/xilinx/rtl/prims/rtl_prims.xml]
Finished parsing RTL primitives file [/opt/Xilinx/14.7/ISE_DS/PlanAhead/data/parts/xilinx/rtl/prims/rtl_prims.xml]
start_gui
source /home/ise/Xilinx_project_VM/COE203-project1/pa.fromNetlist.tcl
# create_project -name COE203-project1 -dir "/home/ise/Xilinx_project_VM/COE203-project1/planAhead_run_2" -part xc7a100tcsg324-3
# set_property design_mode GateLvl [get_property srcset [current_run -impl]]
# set_property edif_top_file "/home/ise/Xilinx_project_VM/COE203-project1/timer.ngc" [ get_property srcset [ current_run ] ]
# add_files -norecurse { {/home/ise/Xilinx_project_VM/COE203-project1} }
# set_param project.pinAheadLayout  yes
# set_property target_constrs_file "timer.ucf" [current_fileset -constrset]
Adding file '/home/ise/Xilinx_project_VM/COE203-project1/timer.ucf' to fileset 'constrs_1'
# add_files [list {timer.ucf}] -fileset [get_property constrset [current_run]]
# link_design
Design is defaulting to srcset: sources_1
Design is defaulting to constrset: constrs_1
Design is defaulting to project part: xc7a100tcsg324-3
Release 14.7 - ngc2edif P.20131013 (lin64)
Copyright (c) 1995-2013 Xilinx, Inc.  All rights reserved.

Release 14.7 - ngc2edif P.20131013 (lin64)
Copyright (c) 1995-2013 Xilinx, Inc.  All rights reserved.
Reading design timer.ngc ...
WARNING:NetListWriters:298 - No output is written to timer.xncf, ignored.
Processing design ...
   Preping design's networks ...
   Preping design's macros ...
  finished :Prep
Writing EDIF netlist file timer.edif ...
ngc2edif: Total memory usage is 104612 kilobytes

Parsing EDIF File [./planAhead_run_2/COE203-project1.data/cache/timer_ngc_e4bb8d0c.edif]
Finished Parsing EDIF File [./planAhead_run_2/COE203-project1.data/cache/timer_ngc_e4bb8d0c.edif]
INFO: [Netlist 29-17] Analyzing 23 Unisim elements for replacement
INFO: [Netlist 29-28] Unisim Transformation completed in 0 CPU seconds
Loading clock regions from /opt/Xilinx/14.7/ISE_DS/PlanAhead/data/parts/xilinx/artix7/artix7/xc7a100t/ClockRegion.xml
Loading clock buffers from /opt/Xilinx/14.7/ISE_DS/PlanAhead/data/parts/xilinx/artix7/artix7/xc7a100t/ClockBuffers.xml
Loading clock placement rules from /opt/Xilinx/14.7/ISE_DS/PlanAhead/data/parts/xilinx/artix7/ClockPlacerRules.xml
Loading package pin functions from /opt/Xilinx/14.7/ISE_DS/PlanAhead/data/parts/xilinx/artix7/PinFunctions.xml...
Loading package from /opt/Xilinx/14.7/ISE_DS/PlanAhead/data/parts/xilinx/artix7/artix7/xc7a100t/csg324/Package.xml
Loading io standards from /opt/Xilinx/14.7/ISE_DS/PlanAhead/data/./parts/xilinx/artix7/IOStandards.xml
Loading device configuration modes from /opt/Xilinx/14.7/ISE_DS/PlanAhead/data/parts/xilinx/artix7/ConfigModes.xml
Loading list of drcs for the architecture : /opt/Xilinx/14.7/ISE_DS/PlanAhead/data/./parts/xilinx/artix7/drc.xml
Parsing UCF File [/home/ise/Xilinx_project_VM/COE203-project1/timer.ucf]
Finished Parsing UCF File [/home/ise/Xilinx_project_VM/COE203-project1/timer.ucf]
INFO: [Project 1-111] Unisim Transformation Summary:
  A total of 23 instances were transformed.
  BUFGP => BUFGP (IBUF, BUFG): 1 instances
  FD => FDCE: 4 instances
  FDC => FDCE: 6 instances
  FDR => FDRE: 12 instances

Phase 0 | Netlist Checksum: 9f688601
link_design: Time (s): cpu = 00:00:13 ; elapsed = 00:00:17 . Memory (MB): peak = 2934.730 ; gain = 284.934
set_property iostandard LVCMOS18 [get_ports [list AlarmLED]]
startgroup
set_property package_pin G14 [get_ports AlarmLED]
endgroup
startgroup
set_property package_pin P17 [get_ports setTimer]
endgroup
set_property iostandard LVCMOS18 [get_ports [list setTimer]]
save_constraints
exit
ERROR: [#UNDEF] *** Exception: ui.h.b: Found deleted key in HTclEventBroker. Verify if the classes listed here call cleanup()
HTclEvent: DEBUG_CORE_CONFIG_CHANGE   Classes: ui.views.aR 
HTclEvent: SIGNAL_MODIFY   Classes: ui.views.aR 
HTclEvent: DEBUG_PORT_CONFIG_CHANGE   Classes: ui.views.aR 
HTclEvent: SIGNAL_BUS_MODIFY   Classes: ui.views.aR 
 (See /home/ise/Xilinx_project_VM/COE203-project1/planAhead_pid3095.debug)
ERROR: [Common 17-39] 'stop_gui' failed due to earlier errors.
INFO: [Common 17-206] Exiting PlanAhead at Sun May  4 06:03:57 2025...
INFO: [Common 17-83] Releasing license: PlanAhead
