Release 14.7 - ngc2edif P.20131013 (lin64)
Copyright (c) 1995-2013 Xilinx, Inc.  All rights reserved.
Reading design timer.ngc ...
WARNING:NetListWriters:298 - No output is written to timer.xncf, ignored.
Processing design ...
   Preping design's networks ...
   Preping design's macros ...
WARNING:NetListWriters:306 - Signal bus Result<26 : 0> on block timer is not
   reconstructed, because there are some missing bus signals.
  finished :Prep
Writing EDIF netlist file timer.edif ...
ngc2edif: Total memory usage is 104456 kilobytes

Release 14.7 - ngc2edif P.20131013 (lin64)
Copyright (c) 1995-2013 Xilinx, Inc.  All rights reserved.
Reading design timer.ngc ...
WARNING:NetListWriters:298 - No output is written to timer.xncf, ignored.
Processing design ...
   Preping design's networks ...
   Preping design's macros ...
WARNING:NetListWriters:306 - Signal bus Result<26 : 0> on block timer is not
   reconstructed, because there are some missing bus signals.
  finished :Prep
Writing EDIF netlist file timer.edif ...
ngc2edif: Total memory usage is 104456 kilobytes

Release 14.7 - ngc2edif P.20131013 (lin64)
Copyright (c) 1995-2013 Xilinx, Inc.  All rights reserved.
Reading design timer.ngc ...
WARNING:NetListWriters:298 - No output is written to timer.xncf, ignored.
Processing design ...
   Preping design's networks ...
   Preping design's macros ...
  finished :Prep
Writing EDIF netlist file timer.edif ...
ngc2edif: Total memory usage is 104492 kilobytes

Release 14.7 - ngc2edif P.20131013 (lin64)
Copyright (c) 1995-2013 Xilinx, Inc.  All rights reserved.
Reading design timer.ngc ...
WARNING:NetListWriters:298 - No output is written to timer.xncf, ignored.
Processing design ...
   Preping design's networks ...
   Preping design's macros ...
  finished :Prep
Writing EDIF netlist file timer.edif ...
ngc2edif: Total memory usage is 104496 kilobytes

Release 14.7 - ngc2edif P.20131013 (lin64)
Copyright (c) 1995-2013 Xilinx, Inc.  All rights reserved.
Reading design timer.ngc ...
WARNING:NetListWriters:298 - No output is written to timer.xncf, ignored.
Processing design ...
   Preping design's networks ...
   Preping design's macros ...
  finished :Prep
Writing EDIF netlist file timer.edif ...
ngc2edif: Total memory usage is 104496 kilobytes

Release 14.7 - ngc2edif P.20131013 (lin64)
Copyright (c) 1995-2013 Xilinx, Inc.  All rights reserved.
Reading design timer.ngc ...
WARNING:NetListWriters:298 - No output is written to timer.xncf, ignored.
Processing design ...
   Preping design's networks ...
   Preping design's macros ...
  finished :Prep
Writing EDIF netlist file timer.edif ...
ngc2edif: Total memory usage is 104500 kilobytes

Release 14.7 - ngc2edif P.20131013 (lin64)
Copyright (c) 1995-2013 Xilinx, Inc.  All rights reserved.
Reading design timer.ngc ...
WARNING:NetListWriters:298 - No output is written to timer.xncf, ignored.
Processing design ...
   Preping design's networks ...
   Preping design's macros ...
  finished :Prep
Writing EDIF netlist file timer.edif ...
ngc2edif: Total memory usage is 104500 kilobytes

Release 14.7 - ngc2edif P.20131013 (lin64)
Copyright (c) 1995-2013 Xilinx, Inc.  All rights reserved.
Reading design timer.ngc ...
WARNING:NetListWriters:298 - No output is written to timer.xncf, ignored.
Processing design ...
   Preping design's networks ...
   Preping design's macros ...
  finished :Prep
Writing EDIF netlist file timer.edif ...
ngc2edif: Total memory usage is 104496 kilobytes

Release 14.7 - ngc2edif P.20131013 (lin64)
Copyright (c) 1995-2013 Xilinx, Inc.  All rights reserved.
Reading design timer.ngc ...
WARNING:NetListWriters:298 - No output is written to timer.xncf, ignored.
Processing design ...
   Preping design's networks ...
   Preping design's macros ...
  finished :Prep
Writing EDIF netlist file timer.edif ...
ngc2edif: Total memory usage is 104616 kilobytes

Release 14.7 - ngc2edif P.20131013 (lin64)
Copyright (c) 1995-2013 Xilinx, Inc.  All rights reserved.
Reading design timer.ngc ...
WARNING:NetListWriters:298 - No output is written to timer.xncf, ignored.
Processing design ...
   Preping design's networks ...
   Preping design's macros ...
  finished :Prep
Writing EDIF netlist file timer.edif ...
ngc2edif: Total memory usage is 104568 kilobytes

Release 14.7 - ngc2edif P.20131013 (lin64)
Copyright (c) 1995-2013 Xilinx, Inc.  All rights reserved.
Reading design timer.ngc ...
WARNING:NetListWriters:298 - No output is written to timer.xncf, ignored.
Processing design ...
   Preping design's networks ...
   Preping design's macros ...
  finished :Prep
Writing EDIF netlist file timer.edif ...
ngc2edif: Total memory usage is 104572 kilobytes

Release 14.7 - ngc2edif P.20131013 (lin64)
Copyright (c) 1995-2013 Xilinx, Inc.  All rights reserved.
Reading design timer.ngc ...
WARNING:NetListWriters:298 - No output is written to timer.xncf, ignored.
Processing design ...
   Preping design's networks ...
   Preping design's macros ...
  finished :Prep
Writing EDIF netlist file timer.edif ...
ngc2edif: Total memory usage is 104612 kilobytes

Release 14.7 - ngc2edif P.20131013 (lin64)
Copyright (c) 1995-2013 Xilinx, Inc.  All rights reserved.
Reading design timer.ngc ...
WARNING:NetListWriters:298 - No output is written to timer.xncf, ignored.
Processing design ...
   Preping design's networks ...
   Preping design's macros ...
  finished :Prep
Writing EDIF netlist file timer.edif ...
ngc2edif: Total memory usage is 104608 kilobytes

Release 14.7 - ngc2edif P.20131013 (lin64)
Copyright (c) 1995-2013 Xilinx, Inc.  All rights reserved.
Reading design timer.ngc ...
WARNING:NetListWriters:298 - No output is written to timer.xncf, ignored.
Processing design ...
   Preping design's networks ...
   Preping design's macros ...
WARNING:NetListWriters:306 - Signal bus Result<26 : 0> on block timer is not
   reconstructed, because there are some missing bus signals.
  finished :Prep
Writing EDIF netlist file timer.edif ...
ngc2edif: Total memory usage is 104624 kilobytes

Release 14.7 - ngc2edif P.20131013 (lin64)
Copyright (c) 1995-2013 Xilinx, Inc.  All rights reserved.
Reading design AlarmClock.ngc ...
WARNING:NetListWriters:298 - No output is written to AlarmClock.xncf, ignored.
Processing design ...
   Preping design's networks ...
   Preping design's macros ...
WARNING:NetListWriters:306 - Signal bus alarmHoursTens<3 : 0> on block
   AlarmClock is not reconstructed, because there are some missing bus signals.
WARNING:NetListWriters:306 - Signal bus Result<26 : 0> on block AlarmClock is
   not reconstructed, because there are some missing bus signals.
  finished :Prep
Writing EDIF netlist file AlarmClock.edif ...
ngc2edif: Total memory usage is 104628 kilobytes

