--------------------------------------------------------------------------------
Release 14.7 Trace  (lin64)
Copyright (c) 1995-2013 Xilinx, Inc.  All rights reserved.

/opt/Xilinx/14.7/ISE_DS/ISE/bin/lin64/unwrapped/trce -intstyle ise -v 3 -s 3 -n
3 -fastpaths -xml timer.twx timer.ncd -o timer.twr timer.pcf -ucf timer.ucf

Design file:              timer.ncd
Physical constraint file: timer.pcf
Device,package,speed:     xc7a100t,csg324,C,-3 (PRODUCTION 1.10 2013-10-13)
Report level:             verbose report

Environment Variable      Effect 
--------------------      ------ 
NONE                      No environment variables were set
--------------------------------------------------------------------------------

INFO:Timing:2698 - No timing constraints found, doing default enumeration.
INFO:Timing:3412 - To improve timing, see the Timing Closure User Guide (UG612).
INFO:Timing:2752 - To get complete path coverage, use the unconstrained paths 
   option. All paths that are not constrained will be reported in the 
   unconstrained paths section(s) of the report.
INFO:Timing:3339 - The clock-to-out numbers in this timing report are based on 
   a 50 Ohm transmission line loading model.  For the details of this model, 
   and for more information on accounting for different loading conditions, 
   please see the device datasheet.



Data Sheet report:
-----------------
All values displayed in nanoseconds (ns)

Setup/Hold to clock clk
-------------+------------+------------+------------+------------+------------------+--------+
             |Max Setup to|  Process   |Max Hold to |  Process   |                  | Clock  |
Source       | clk (edge) |   Corner   | clk (edge) |   Corner   |Internal Clock(s) | Phase  |
-------------+------------+------------+------------+------------+------------------+--------+
CE           |    1.295(R)|      FAST  |    2.180(R)|      SLOW  |clk_BUFGP         |   0.000|
S            |    0.441(R)|      FAST  |    1.898(R)|      SLOW  |clk_BUFGP         |   0.000|
load         |    0.712(R)|      FAST  |    2.034(R)|      SLOW  |clk_BUFGP         |   0.000|
load_data<0> |    0.281(R)|      FAST  |    2.680(R)|      SLOW  |clk_BUFGP         |   0.000|
load_data<1> |    0.653(R)|      FAST  |    2.256(R)|      SLOW  |clk_BUFGP         |   0.000|
load_data<2> |    0.581(R)|      FAST  |    2.001(R)|      SLOW  |clk_BUFGP         |   0.000|
load_data<3> |    0.530(R)|      FAST  |    2.296(R)|      SLOW  |clk_BUFGP         |   0.000|
load_data<4> |    0.847(R)|      FAST  |    1.614(R)|      SLOW  |clk_BUFGP         |   0.000|
load_data<5> |    0.314(R)|      FAST  |    1.944(R)|      SLOW  |clk_BUFGP         |   0.000|
load_data<6> |    1.519(R)|      SLOW  |    1.139(R)|      SLOW  |clk_BUFGP         |   0.000|
load_data<7> |    1.626(R)|      SLOW  |    1.199(R)|      SLOW  |clk_BUFGP         |   0.000|
load_data<8> |    0.755(R)|      FAST  |    0.735(R)|      SLOW  |clk_BUFGP         |   0.000|
load_data<9> |    0.923(R)|      FAST  |    0.842(R)|      SLOW  |clk_BUFGP         |   0.000|
load_data<10>|    1.099(R)|      FAST  |    0.676(R)|      SLOW  |clk_BUFGP         |   0.000|
load_data<11>|    0.843(R)|      FAST  |    1.590(R)|      SLOW  |clk_BUFGP         |   0.000|
load_data<12>|    0.425(R)|      FAST  |    1.708(R)|      SLOW  |clk_BUFGP         |   0.000|
load_data<13>|    0.892(R)|      FAST  |    1.692(R)|      SLOW  |clk_BUFGP         |   0.000|
reset        |    1.074(R)|      FAST  |    1.967(R)|      SLOW  |clk_BUFGP         |   0.000|
setTimer     |    0.819(R)|      FAST  |    2.082(R)|      SLOW  |clk_BUFGP         |   0.000|
snooze       |    0.865(R)|      FAST  |    1.230(R)|      SLOW  |clk_BUFGP         |   0.000|
-------------+------------+------------+------------+------------+------------------+--------+

Clock clk to Pad
------------+-----------------+------------+-----------------+------------+------------------+--------+
            |Max (slowest) clk|  Process   |Min (fastest) clk|  Process   |                  | Clock  |
Destination |  (edge) to PAD  |   Corner   |  (edge) to PAD  |   Corner   |Internal Clock(s) | Phase  |
------------+-----------------+------------+-----------------+------------+------------------+--------+
AlarmLED    |         8.382(R)|      SLOW  |         3.579(R)|      FAST  |clk_BUFGP         |   0.000|
seg<0>      |        11.428(R)|      SLOW  |         4.060(R)|      FAST  |clk_BUFGP         |   0.000|
seg<1>      |        11.945(R)|      SLOW  |         4.279(R)|      FAST  |clk_BUFGP         |   0.000|
seg<2>      |        10.915(R)|      SLOW  |         3.767(R)|      FAST  |clk_BUFGP         |   0.000|
seg<3>      |        11.490(R)|      SLOW  |         4.104(R)|      FAST  |clk_BUFGP         |   0.000|
seg<4>      |        11.321(R)|      SLOW  |         4.065(R)|      FAST  |clk_BUFGP         |   0.000|
seg<5>      |        11.370(R)|      SLOW  |         4.041(R)|      FAST  |clk_BUFGP         |   0.000|
seg<6>      |        10.561(R)|      SLOW  |         3.636(R)|      FAST  |clk_BUFGP         |   0.000|
------------+-----------------+------------+-----------------+------------+------------------+--------+

Clock to Setup on destination clock clk
---------------+---------+---------+---------+---------+
               | Src:Rise| Src:Fall| Src:Rise| Src:Fall|
Source Clock   |Dest:Rise|Dest:Rise|Dest:Fall|Dest:Fall|
---------------+---------+---------+---------+---------+
clk            |    3.353|         |         |         |
---------------+---------+---------+---------+---------+


Analysis completed Tue May  6 22:18:58 2025 
--------------------------------------------------------------------------------

Trace Settings:
-------------------------
Trace Settings 

Peak Memory Usage: 767 MB



